I'm sorry, but errors were detected in your script. Please correct the
errors listed below, and try again.


File "game/conan2.rpy", line 422: Menu does not contain any choices.
    menu:
         ^

Ren'Py Version: Ren'Py 8.3.4.24120703
Wed Jan 22 23:59:54 2025
